PB4Studio CHELSA21K self-contained Yongneup run
[정적모델] 1/211 21.0 ka BP
[BIOME4 mckenzie2003 batch compile] OpenMP enabled, OMP_NUM_THREADS=4
[정적모델] 26/211 18.5 ka BP
[정적모델] 51/211 16.0 ka BP
[정적모델] 76/211 13.5 ka BP
[정적모델] 101/211 11.0 ka BP
[정적모델] 126/211 8.5 ka BP
[정적모델] 151/211 6.0 ka BP
[정적모델] 176/211 3.5 ka BP
[정적모델] 201/211 1.0 ka BP
[정적모델] 211/211 0.0 ka BP
[동적모델] 1/211 21.0 ka BP
[동적모델] 26/211 18.5 ka BP
[동적모델] 51/211 16.0 ka BP
[동적모델] 76/211 13.5 ka BP
[동적모델] 101/211 11.0 ka BP
[동적모델] 126/211 8.5 ka BP
[동적모델] 151/211 6.0 ka BP
[동적모델] 176/211 3.5 ka BP
[동적모델] 201/211 1.0 ka BP
[동적모델] 211/211 0.0 ka BP
FINISHED
